// Jest Snapshot v1, https://goo.gl/fbAQLP

exports[`<PostCard /> should match snapshot  1`] = `
<div
  class="post"
>
  <img
    src="https://via.placeholder.com/600/771796"
    title="title 1"
  />
  <div
    class="post-content"
  >
    <h2>
      title 1
      -
      1
    </h2>
    <p>
      body 1
    </p>
  </div>
</div>
`;
