// Jest Snapshot v1, https://goo.gl/fbAQLP

exports[`<Posts /> should match snapshot  1`] = `
<div
  class="posts"
>
  <div
    class="post"
  >
    <img
      src="https://via.placeholder.com/600/771796"
      title="title 1"
    />
    <div
      class="post-content"
    >
      <h2>
        title 1
        -
        1
      </h2>
      <p>
        body 1
      </p>
    </div>
  </div>
  <div
    class="post"
  >
    <img
      src="https://via.placeholder.com/600/771796"
      title="title 2"
    />
    <div
      class="post-content"
    >
      <h2>
        title 2
        -
        2
      </h2>
      <p>
        body 2
      </p>
    </div>
  </div>
  <div
    class="post"
  >
    <img
      src="https://via.placeholder.com/600/771796"
      title="title 3"
    />
    <div
      class="post-content"
    >
      <h2>
        title 3
        -
        3
      </h2>
      <p>
        body 3
      </p>
    </div>
  </div>
</div>
`;
